C51 COMPILER V9.60.0.0   KEYSCAN                                                           06/18/2023 16:02:10 PAGE 1   


C51 COMPILER V9.60.0.0, COMPILATION OF MODULE KEYSCAN
OBJECT MODULE PLACED IN .\Objects\KeyScan.obj
COMPILER INVOKED BY: D:\Keil\C51\BIN\C51.EXE User\KeyScan.c OPTIMIZE(8,SPEED) BROWSE INCDIR(.\User;.\Drivers;.\STC8Ax_LI
                    -B\Core\Startup;.\STC8Ax_LIB\inc;.\STC8Ax_LIB\Core) DEBUG OBJECTEXTEND PRINT(.\Listings\KeyScan.lst) OBJECT(.\Objects\Key
                    -Scan.obj)

line level    source

   1          /*-------------------------------------------------------------------------------
   2          /*       (C) Copyright 2023, PSYM. All Rights Reserved 
   3          /*-------------------------------------------------------------------------------
   4          /* File name   : KeyScan.c
   5          /* Description : 
   6          /* Author      : PSYM
   7          /*-------------------------------------------------------------------------------
   8          /* Update note:
   9          /* -----------   -----------   --------------------------------------------------
  10          /*    Date         Author                              Note
  11          /* -----------   -----------   --------------------------------------------------
  12          /* 2023-06-18       PSYM
  13          /*   13:55
  14          **/
  15          
  16          /* ---------------------------------- 包含头文件 ---------------------------------- */
  17          #include "KeyScan.h"
  18          
  19          /* ---------------------------------- 私有宏定义 ---------------------------------- */
  20          #define KEY_TIME 200 // 按键去抖时间
  21          
  22          /* ---------------------------------- 私有类型定义 ---------------------------------- */
  23          sbit key_sr1 = P5 ^ 1;          /*!< K1键 引脚定义 */
  24          sbit key_sr2 = P5 ^ 0;          /*!< K2键 引脚定义 */
  25          sbit key_sr3 = P5 ^ 2;          /*!< K3键 引脚定义 */
  26          sbit key_sr4 = P5 ^ 3;          /*!< K4键 引脚定义 */
  27          
  28          /* ---------------------------------- 私有变量 ---------------------------------- */
  29          uint8 keysign1 = 0; // 按键状态初始化
  30          uint8 keysign2 = 0;
  31          uint8 keysign3 = 0;
  32          uint8 keysign4 = 0;
  33          
  34          uint8 keyt1 = 0; // 按键去抖计时
  35          uint8 keyt2 = 0;
  36          uint8 keyt3 = 0;
  37          uint8 keyt4 = 0;
  38          
  39          /* ---------------------------------- 扩展变量 ---------------------------------- */
  40          int Keysign = 0; // 按键标志
  41          
  42          /* ---------------------------------- 私有函数原型 ---------------------------------- */
  43          /* None. */
  44          
  45          /* ---------------------------------- 函数体 ---------------------------------- */
  46          
  47          /**
  48           * @brief 按键扫描
  49           * @param none
  50           * @note 改变Keysign的值
  51          */
  52          void KeyScan()
  53          {
C51 COMPILER V9.60.0.0   KEYSCAN                                                           06/18/2023 16:02:10 PAGE 2   

  54   1          if (key_sr1 == 1) // k1没被按下
  55   1          {
  56   2              keysign1 = 0; // 按键1标志
  57   2              keyt1 = 0;
  58   2          }
  59   1          else if (keysign1 == 0) // k1被按下且标志为0
  60   1          {
  61   2              keyt1++;
  62   2              if (keyt1 >= KEY_TIME) // 按键去抖
  63   2              {
  64   3                  keyt1 = 0;
  65   3                  keysign1 = 1; // 清除标志以防再次进入
  66   3                  Keysign = 1;
  67   3              }
  68   2          }
  69   1      
  70   1          if (key_sr2 == 1) // k2没被按下
  71   1          {
  72   2              keysign2 = 0; // 按键2标志
  73   2              keyt2 = 0;
  74   2          }
  75   1          else if (keysign2 == 0)
  76   1          {
  77   2              keyt2++;
  78   2              if (keyt2 >= KEY_TIME) // 按键去抖
  79   2              {
  80   3                  keyt2 = 0;
  81   3                  keysign2 = 1; // 清除标志以防再次进入
  82   3                  Keysign = 2;
  83   3              }
  84   2          }
  85   1      
  86   1          if (key_sr3 == 1) // k3没被按下
  87   1          {
  88   2              keysign3 = 0; // 按键3标志
  89   2              keyt3 = 0;
  90   2          }
  91   1          else if (keysign3 == 0)
  92   1          {
  93   2              keyt3++;
  94   2              if (keyt3 >= KEY_TIME) // 按键去抖
  95   2              {
  96   3                  keyt3 = 0;
  97   3                  keysign3 = 1; // 清除标志以防再次进入
  98   3                  Keysign = 3;
  99   3              }
 100   2          }
 101   1      
 102   1          if (key_sr4 == 1) // k4没被按下
 103   1          {
 104   2              keysign4 = 0; // 按键4标志
 105   2              keyt4 = 0;
 106   2          }
 107   1          else if (keysign4 == 0)
 108   1          {
 109   2              keyt4++;
 110   2              if (keyt4 >= KEY_TIME) // 按键去抖
 111   2              {
 112   3                  keyt4 = 0;
 113   3                  keysign4 = 1; // 清除标志以防再次进入
 114   3                  Keysign = 4;
 115   3              }
C51 COMPILER V9.60.0.0   KEYSCAN                                                           06/18/2023 16:02:10 PAGE 3   

 116   2          }
 117   1      }
 118          
 119          /*>>>>>>>>>> (C) COPYRIGHT PSYM <<<<<< >>>>>> END OF FILE <<<<<<<<<<*/


MODULE INFORMATION:   STATIC OVERLAYABLE
   CODE SIZE        =    152    ----
   CONSTANT SIZE    =   ----    ----
   XDATA SIZE       =   ----    ----
   PDATA SIZE       =   ----    ----
   DATA SIZE        =     10    ----
   IDATA SIZE       =   ----    ----
   BIT SIZE         =   ----    ----
END OF MODULE INFORMATION.


C51 COMPILATION COMPLETE.  0 WARNING(S),  0 ERROR(S)
