C51 COMPILER V9.60.0.0   MAIN                                                              06/18/2023 16:02:10 PAGE 1   


C51 COMPILER V9.60.0.0, COMPILATION OF MODULE MAIN
OBJECT MODULE PLACED IN .\Objects\main.obj
COMPILER INVOKED BY: D:\Keil\C51\BIN\C51.EXE User\main.c OPTIMIZE(8,SPEED) BROWSE INCDIR(.\User;.\Drivers;.\STC8Ax_LIB\C
                    -ore\Startup;.\STC8Ax_LIB\inc;.\STC8Ax_LIB\Core) DEBUG OBJECTEXTEND PRINT(.\Listings\main.lst) OBJECT(.\Objects\main.obj)

line level    source

   1          /*-------------------------------------------------------------------
   2          /*      (C) Copyright 2021-2022, nbufe. All Rights Reserved
   3          /*-------------------------------------------------------------------
   4          /* File name   : main.c
   5          /* Description :
   6          /* Author      : nbufe
   7          /*-------------------------------------------------------------------
   8          /* Update note:
   9          /* ---------   -----------   ----------------------------------------
  10          /*   Date        Author                       Note
  11          /* ---------   -----------   ----------------------------------------
  12          /*
  13          /*
  14          **/
  15          
  16          /* 包含头文件 -------------------------------------------------------*/
  17          #include "main.h"
  18          
  19          /* 私有类型定义 -----------------------------------------------------*/
  20          /* None. */
  21          
  22          /* 私有宏定义 -------------------------------------------------------*/
  23          /* None. */
  24          
  25          /* 私有变量 ---------------------------------------------------------*/
  26          int i = 0;
  27          int temp = 0;
  28          
  29          /* 扩展变量 ---------------------------------------------------------*/
  30          /* None. */
  31          
  32          /* 私有函数原形 -----------------------------------------------------*/
  33          /* None. */
  34          
  35          /* 函数体 -----------------------------------------------------------*/
  36          /*
  37           * 功能: 主函数
  38           * 参数: None
  39           * 返回: None
  40           * 说明: None
  41           */
  42          void main()
  43          {
  44   1          System_Init();
  45   1          Delay_ms(500);
  46   1          Peripheral_Init();
  47   1      
  48   1          while (1)
  49   1          {
  50   2              aveADC();
  51   2      
  52   2              switch (Keysign)
  53   2              {
  54   3              case 1:
C51 COMPILER V9.60.0.0   MAIN                                                              06/18/2023 16:02:10 PAGE 2   

  55   3                  // 计算高度
  56   3                  temp = ave_vol / 100;
  57   3                  temp = temp < 1 ? 1 : temp;
  58   3                  temp = temp > 18 ? 18 : temp;
  59   3                  temp = (temp - 1) / 2;
  60   3                  for (i = 0; i < 7; i++)
  61   3                  {
  62   4                      hight[i] = hight[i + 1];
  63   4                  }
  64   3                  hight[i] = temp;
  65   3                  break;
  66   3              case 2:
  67   3                  // 计算高度
  68   3                  temp = ave_vol / 100;
  69   3                  temp = temp < 1 ? 1 : temp;
  70   3                  temp = temp > 18 ? 18 : temp;
  71   3                  temp = (temp - 1) / 2;
  72   3                  for (i = 0; i < 8; i++)
  73   3                  {
  74   4                      hight[i] = temp;
  75   4                  }
  76   3                  break;
  77   3              case 3:
  78   3                  temp = ave_vol / 100;
  79   3                  temp = temp < 1 ? 1 : temp;
  80   3                  temp = temp > 18 ? 18 : temp;
  81   3                  temp = temp / 4;
  82   3                  for (i = 0; i < 7; i++)
  83   3                  {
  84   4                      hight[i] = hight[i + 1];
  85   4                  }
  86   3                  hight[i] = temp;
  87   3                  break;
  88   3                      case 4:
  89   3                  temp = ave_vol / 100;
  90   3                  temp = temp < 1 ? 1 : temp;
  91   3                  temp = temp > 18 ? 18 : temp;
  92   3                  temp = temp / 4;
  93   3                  for (i = 0; i < 8; i++)
  94   3                  {
  95   4                      hight[i] = temp;
  96   4                  }
  97   3                              break;
  98   3              default:
  99   3                  break;
 100   3              }
 101   2      
 102   2              // 设置数码管显示
 103   2              DisplayLoad(3, ave_vol / 10000 % 10, 0);
 104   2              DisplayLoad(2, ave_vol / 1000 % 10, 1);
 105   2              DisplayLoad(1, ave_vol / 100 % 10, 0);
 106   2              DisplayLoad(0, ave_vol / 10 % 10, 0);
 107   2              printf("ave_vol=%.3fV\n", ave_vol / 1000.0);
 108   2              printf("hight=%d\n", temp);
 109   2          }
 110   1      }
 111          
 112          /*>>>>>>>>>> (C) COPYRIGHT NBUFE <<<<<< >>>>>> END OF FILE <<<<<<<<<<*/


MODULE INFORMATION:   STATIC OVERLAYABLE
   CODE SIZE        =    789    ----
C51 COMPILER V9.60.0.0   MAIN                                                              06/18/2023 16:02:10 PAGE 3   

   CONSTANT SIZE    =     25    ----
   XDATA SIZE       =   ----    ----
   PDATA SIZE       =   ----    ----
   DATA SIZE        =      4    ----
   IDATA SIZE       =   ----    ----
   BIT SIZE         =   ----    ----
END OF MODULE INFORMATION.


C51 COMPILATION COMPLETE.  0 WARNING(S),  0 ERROR(S)
